[    2628ms] [ERROR] Failed to load resource: the server responded with a status of 404 () @ https://purelystorage.com/build/js/index-CnvkiAHF.js:0
[    2636ms] [ERROR] Failed to load resource: the server responded with a status of 404 () @ https://purelystorage.com/build/js/vue-Pyv6ru2h.js:0
[    2636ms] [ERROR] Failed to load resource: the server responded with a status of 404 () @ https://purelystorage.com/build/js/@vue-DzA8opSU.js:0
[    2636ms] [ERROR] Failed to load resource: the server responded with a status of 404 () @ https://purelystorage.com/build/js/side-channel-C8eyMY1t.js:0
[    2636ms] [ERROR] Failed to load resource: the server responded with a status of 404 () @ https://purelystorage.com/build/js/@googlemaps-BturGVvf.js:0
[    2637ms] [ERROR] Failed to load resource: the server responded with a status of 404 () @ https://purelystorage.com/build/js/side-channel-map-CW8gbHdw.js:0
[    2637ms] [ERROR] Failed to load resource: the server responded with a status of 404 () @ https://purelystorage.com/build/js/axios-D5GkNzM3.js:0
[    2637ms] [ERROR] Failed to load resource: the server responded with a status of 404 () @ https://purelystorage.com/build/js/call-bind-apply-helpers-BZzljMEd.js:0
[    2638ms] [ERROR] Failed to load resource: the server responded with a status of 404 () @ https://purelystorage.com/build/js/function-bind-CHqF18-c.js:0
[    2639ms] [ERROR] Failed to load resource: the server responded with a status of 404 () @ https://purelystorage.com/build/js/es-errors-CxTyLFAO.js:0
[    2833ms] [WARNING] As of March 1st, 2025, google.maps.places.Autocomplete is not available to new customers. Please use google.maps.places.PlaceAutocompleteElement instead. At this time, google.maps.places.Autocomplete is not scheduled to be discontinued, but google.maps.places.PlaceAutocompleteElement is recommended over google.maps.places.Autocomplete. While google.maps.places.Autocomplete will continue to receive bug fixes for any major regressions, existing bugs in google.maps.places.Autocomplete will not be addressed. At least 12 months notice will be given before support is discontinued. Please see https://developers.google.com/maps/legacy for additional details and https://developers.google.com/maps/documentation/javascript/places-migration-overview for the migration guide. @ https://static.userback.io/widget/v1.js:1
[    2928ms] [ERROR] Failed to load resource: the server responded with a status of 404 () @ https://purelystorage.com/build/js/index-CcaY-mkO.js:0
[    2928ms] [ERROR] Failed to load resource: the server responded with a status of 404 () @ https://purelystorage.com/build/js/object-inspect-BmhG_H4M.js:0
[    2928ms] [ERROR] Failed to load resource: the server responded with a status of 404 () @ https://purelystorage.com/build/js/pinia-BM92fh0Z.js:0
[    2929ms] [ERROR] Failed to load resource: the server responded with a status of 404 () @ https://purelystorage.com/build/js/@inertiajs-BZ6hKGjP.js:0
[    2929ms] [ERROR] Failed to load resource: the server responded with a status of 404 () @ https://purelystorage.com/build/js/uniqid-qZOxLied.js:0
[    2929ms] [ERROR] Failed to load resource: the server responded with a status of 404 () @ https://purelystorage.com/build/js/math-intrinsics-DP1tGiab.js:0
[    2929ms] [ERROR] Failed to load resource: the server responded with a status of 404 () @ https://purelystorage.com/build/js/qs-BBxjpbkt.js:0
[    2929ms] [ERROR] Failed to load resource: the server responded with a status of 404 () @ https://purelystorage.com/build/js/call-bound-Dl_jZ2IL.js:0
[    2929ms] [ERROR] Failed to load resource: the server responded with a status of 404 () @ https://purelystorage.com/build/js/get-intrinsic-BxF11L2u.js:0
[    2929ms] [ERROR] Failed to load resource: the server responded with a status of 404 () @ https://purelystorage.com/build/js/es-object-atoms-BR76m4z7.js:0
[    2929ms] [ERROR] Failed to load resource: the server responded with a status of 404 () @ https://purelystorage.com/build/js/side-channel-list-DrGIo_4f.js:0
[    2929ms] [ERROR] Failed to load resource: the server responded with a status of 404 () @ https://purelystorage.com/build/js/gopd-C1lCZ5Qs.js:0
[    2930ms] [ERROR] Failed to load resource: the server responded with a status of 404 () @ https://purelystorage.com/build/js/get-proto-D9NZsjdc.js:0
[    2930ms] [ERROR] Failed to load resource: the server responded with a status of 404 () @ https://purelystorage.com/build/js/has-symbols-BaUvM3gb.js:0
[    2930ms] [ERROR] Failed to load resource: the server responded with a status of 404 () @ https://purelystorage.com/build/js/es-define-property-D_7cP-M3.js:0
[    2930ms] [ERROR] Failed to load resource: the server responded with a status of 404 () @ https://purelystorage.com/build/js/side-channel-weakmap-CdqYRxnZ.js:0
[    2930ms] [ERROR] Failed to load resource: the server responded with a status of 404 () @ https://purelystorage.com/build/js/hasown-DwiY0sux.js:0
[    2930ms] [ERROR] Failed to load resource: the server responded with a status of 404 () @ https://purelystorage.com/build/js/object-code-dyH2WAg2.js:0
[    2930ms] [ERROR] Failed to load resource: the server responded with a status of 404 () @ https://purelystorage.com/build/js/dunder-proto-DLmApA0o.js:0
[    2931ms] [ERROR] Failed to load resource: the server responded with a status of 404 () @ https://purelystorage.com/build/js/@hcaptcha-ruyCQfb1.js:0
[    2931ms] [ERROR] Failed to load resource: the server responded with a status of 404 () @ https://purelystorage.com/build/js/es-toolkit-PT6dTF-w.js:0
[    2931ms] [ERROR] Failed to load resource: the server responded with a status of 404 () @ https://purelystorage.com/build/js/axios-cache-interceptor-DatHhxR_.js:0
[    2931ms] [ERROR] Failed to load resource: the server responded with a status of 404 () @ https://purelystorage.com/build/js/cache-parser-cMPnnXSO.js:0
[    2931ms] [ERROR] Failed to load resource: the server responded with a status of 404 () @ https://purelystorage.com/build/js/http-vary-BjYoGdST.js:0
[    2932ms] [ERROR] Failed to load resource: the server responded with a status of 404 () @ https://purelystorage.com/build/js/fast-defer-9MI9za_P.js:0
