[    2992ms] ReferenceError: bootstrap is not defined
    at https://www.firststorage.com/storage-units/alabama/huntsville/memorial-parkway-sw:17121:9
    at Array.map (<anonymous>)
    at https://www.firststorage.com/storage-units/alabama/huntsville/memorial-parkway-sw:17120:42
[    3013ms] ReferenceError: oqhaqzwnbjgcpycneryg is not defined
    at https://www.firststorage.com/storage-units/alabama/huntsville/memorial-parkway-sw:19129:18
[    2995ms] [LOG] Doesn't exist @ https://www.firststorage.com/storage-units/alabama/huntsville/memorial-parkway-sw:19282
[    3034ms] TypeError: window.trackEvent is not a function
    at https://www.firststorage.com/storage-units/alabama/huntsville/memorial-parkway-sw:19299:16
    at https://www.firststorage.com/storage-units/alabama/huntsville/memorial-parkway-sw:19306:9
[    3066ms] Uncaught Error: Syntax error, unrecognized expression: nth-child(2
    at <anonymous> (https://static.storagely.link/public/js/jquery-3.6.0.min.js:1:13638)
    at <anonymous> (https://static.storagely.link/public/js/jquery-3.6.0.min.js:1:21649)
    at <anonymous> (https://static.storagely.link/public/js/jquery-3.6.0.min.js:1:21752)
    at <anonymous> (https://static.storagely.link/public/js/jquery-3.6.0.min.js:1:16987)
    at PSEUDO (https://static.storagely.link/public/js/jquery-3.6.0.min.js:1:16751)
    at Ee (https://static.storagely.link/public/js/jquery-3.6.0.min.js:1:20888)
    at <anonymous> (https://static.storagely.link/public/js/jquery-3.6.0.min.js:1:21782)
    at <anonymous> (https://static.storagely.link/public/js/jquery-3.6.0.min.js:1:22997)
    at se (https://static.storagely.link/public/js/jquery-3.6.0.min.js:1:7115)
    at find (https://static.storagely.link/public/js/jquery-3.6.0.min.js:1:25046)
    at <anonymous> (https://static.storagely.link/public/js/jquery-3.6.0.min.js:1:25535)
    at S (https://static.storagely.link/public/js/jquery-3.6.0.min.js:1:1050)
    at <anonymous> (https://cdn2.hubspot.net/hub/8821504/hub_generated/template_assets/65922726656/1644828231829/Bluebird_Storage_Febraury2022/js/main.js:0:1173)
[    3204ms] [LOG] [widgets.ts] Script loaded @ https://static.storagely.link/public/build/js/widgets-rWMDSmMn.js:1
[    3204ms] [LOG] [widgets.ts] Available components: [./components/widgets/LocationMap/index.vue] @ https://static.storagely.link/public/build/js/widgets-rWMDSmMn.js:1
[    3204ms] [LOG] [widgets.ts] mountComponents called @ https://static.storagely.link/public/build/js/widgets-rWMDSmMn.js:1
[    3204ms] [LOG] [widgets.ts] Found elements: 0 @ https://static.storagely.link/public/build/js/widgets-rWMDSmMn.js:1
[    3590ms] [ERROR] A bad HTTP response code (404) was received when fetching the script. @ :0
[    3714ms] [WARNING] jQuery.Deferred exception: jQuery(...).tooltip is not a function TypeError: jQuery(...).tooltip is not a function
    at HTMLDocument.<anonymous> (https://www.firststorage.com/storage-units/alabama/huntsville/memorial-parkway-sw:17783:47)
    at e (https://static.storagely.link/public/js/jquery-3.6.0.min.js:2:30038)
    at https://static.storagely.link/public/js/jquery-3.6.0.min.js:2:30340 undefined @ https://static.storagely.link/public/js/jquery-3.6.0.min.js:1
[    3937ms] [ERROR] TypeError: Failed to register a ServiceWorker for scope ('https://www.firststorage.com/~partytown/') with script ('https://www.firststorage.com/~partytown/partytown-sw.js'): A bad HTTP response code (404) was received when fetching the script. @ :0
[    3939ms] [WARNING] jQuery.Deferred exception: jQuery(...).popover is not a function TypeError: jQuery(...).popover is not a function
    at HTMLDocument.<anonymous> (https://www.firststorage.com/storage-units/alabama/huntsville/memorial-parkway-sw:17767:53)
    at e (https://static.storagely.link/public/js/jquery-3.6.0.min.js:2:30038)
    at https://static.storagely.link/public/js/jquery-3.6.0.min.js:2:30340 undefined @ https://static.storagely.link/public/js/jquery-3.6.0.min.js:1
[    4101ms] Uncaught TypeError: jQuery(...).tooltip is not a function
    at <anonymous> (https://www.firststorage.com/storage-units/alabama/huntsville/memorial-parkway-sw:17782:46)
    at e (https://static.storagely.link/public/js/jquery-3.6.0.min.js:1:30037)
    at <anonymous> (https://static.storagely.link/public/js/jquery-3.6.0.min.js:1:30339)
[    4104ms] Uncaught TypeError: jQuery(...).popover is not a function
    at <anonymous> (https://www.firststorage.com/storage-units/alabama/huntsville/memorial-parkway-sw:17766:52)
    at e (https://static.storagely.link/public/js/jquery-3.6.0.min.js:1:30037)
    at <anonymous> (https://static.storagely.link/public/js/jquery-3.6.0.min.js:1:30339)
