[   52134ms] [ERROR] Failed to load resource: net::ERR_NETWORK_CHANGED @ https://storagely-prod-public-assets.s3.us-east-2.amazonaws.com/fontawsome-kit-storagelyv3/css/all.min.css:0
[   52135ms] [ERROR] Failed to load resource: net::ERR_NETWORK_CHANGED @ https://test.staging.storagely-api.com/css/bootstrap.min.css:0
[   52138ms] [ERROR] Failed to load resource: net::ERR_NETWORK_CHANGED @ https://test.staging.storagely-api.com/css/styles.css?v=1776955496:0
[   52138ms] [ERROR] Failed to load resource: net::ERR_NETWORK_CHANGED @ https://test.staging.storagely-api.com/pages/assets/css/french.css?v=1776955496:0
[   52139ms] [ERROR] Failed to load resource: net::ERR_NETWORK_CHANGED @ https://swivl-embed.s3.amazonaws.com/embed/index.js:0
[   52266ms] ReferenceError: Swivl is not defined
    at https://test.staging.storagely-api.com/red-rocks-self-storage/storage-units/colorado/aurora/east-14th-avenue:453:1
[   56443ms] [ERROR] Refused to execute script from 'https://test.staging.storagely-api.com/files/project.js.download' because its MIME type ('application/octet-stream') is not executable, and strict MIME type checking is enabled. @ https://test.staging.storagely-api.com/red-rocks-self-storage/storage-units/colorado/aurora/east-14th-avenue:0
[   56443ms] [ERROR] Refused to execute script from 'https://test.staging.storagely-api.com/files/project.js(1).download' because its MIME type ('application/octet-stream') is not executable, and strict MIME type checking is enabled. @ https://test.staging.storagely-api.com/red-rocks-self-storage/storage-units/colorado/aurora/east-14th-avenue:0
[   56464ms] ReferenceError: bootstrap is not defined
    at https://test.staging.storagely-api.com/red-rocks-self-storage/storage-units/colorado/aurora/east-14th-avenue:18973:9
    at Array.map (<anonymous>)
    at https://test.staging.storagely-api.com/red-rocks-self-storage/storage-units/colorado/aurora/east-14th-avenue:18972:42
[   56451ms] [ERROR] Refused to execute script from 'https://test.staging.storagely-api.com/files/main.min.js.download' because its MIME type ('application/octet-stream') is not executable, and strict MIME type checking is enabled. @ https://test.staging.storagely-api.com/red-rocks-self-storage/storage-units/colorado/aurora/east-14th-avenue:0
[   56710ms] [LOG] Doesn't exist @ https://test.staging.storagely-api.com/red-rocks-self-storage/storage-units/colorado/aurora/east-14th-avenue:21043
[   56711ms] [LOG] [Event] {event: location-view, client_url: red-rocks-self-storage, location_code: a64e6b06-9c42-4cfa-80f0-92493f44beeb, visitor_id: 20ebfb99-baaa-48a2-a4ce-29bc6c91bb18, user_agent: Mozilla/5.0 (Windows NT 10.0; Win64; x64) AppleWeb…KHTML, like Gecko) Chrome/147.0.0.0 Safari/537.36} @ https://test.staging.storagely-api.com/js/events.js:78
[   56730ms] [LOG] [widgets.ts] Script loaded @ https://test.staging.storagely-api.com/build/js/widgets-CZyLJK9l.js:1
[   56730ms] [LOG] [widgets.ts] Available components: [./components/widgets/LocationMap/index.vue] @ https://test.staging.storagely-api.com/build/js/widgets-CZyLJK9l.js:1
[   56731ms] [LOG] [widgets.ts] mountComponents called @ https://test.staging.storagely-api.com/build/js/widgets-CZyLJK9l.js:1
[   56731ms] [LOG] [widgets.ts] Found elements: 0 @ https://test.staging.storagely-api.com/build/js/widgets-CZyLJK9l.js:1
[   57454ms] [ERROR] Failed to load resource: the server responded with a status of 404 () @ https://test.staging.storagely-api.com/uploads/1699299081109boardroom-office-space-aurora_111_a64e6b06-9c42-4cfa-80f0-92493f44beeb_684.webp:0
[   57804ms] [ERROR] Failed to load resource: the server responded with a status of 404 () @ https://test.staging.storagely-api.com/uploads/1699299081113self-storage-units-near-aurora_111_a64e6b06-9c42-4cfa-80f0-92493f44beeb_812.webp:0
[   58826ms] [ERROR] Failed to load resource: the server responded with a status of 404 () @ https://test.staging.storagely-api.com/uploads/1699299081110climate-controlled-self-storage-units-aurora_111_a64e6b06-9c42-4cfa-80f0-92493f44beeb_56.webp:0
[   59262ms] [ERROR] Failed to load resource: the server responded with a status of 404 () @ https://test.staging.storagely-api.com/uploads/1699299081112red-rocks-self-storage-units-aurora_111_a64e6b06-9c42-4cfa-80f0-92493f44beeb_817.webp:0
[   59463ms] [ERROR] Failed to load resource: the server responded with a status of 404 () @ https://test.staging.storagely-api.com/uploads/1699299081111drive-up-self-storage-aurora_111_a64e6b06-9c42-4cfa-80f0-92493f44beeb_539.webp:0
[   59752ms] [ERROR] Failed to load resource: the server responded with a status of 404 () @ https://test.staging.storagely-api.com/uploads/1699299081111large-self-storage-units-near-me_111_a64e6b06-9c42-4cfa-80f0-92493f44beeb_914.webp:0
[   60151ms] [ERROR] Failed to load resource: the server responded with a status of 404 () @ https://test.staging.storagely-api.com/uploads/1699299081113self-storage-units-aurora_111_a64e6b06-9c42-4cfa-80f0-92493f44beeb_793.webp:0
[   60976ms] [ERROR] Failed to load resource: the server responded with a status of 404 () @ https://test.staging.storagely-api.com/uploads/1699299081113self-storage-moving-supplies_111_a64e6b06-9c42-4cfa-80f0-92493f44beeb_376.webp:0
[   61056ms] [ERROR] Failed to load resource: the server responded with a status of 404 () @ https://test.staging.storagely-api.com/uploads/1699299081112secure-self-storage-aurora_111_a64e6b06-9c42-4cfa-80f0-92493f44beeb_397.webp:0
[   61069ms] [ERROR] A bad HTTP response code (404) was received when fetching the script. @ :0
[   61070ms] [ERROR] TypeError: Failed to register a ServiceWorker for scope ('https://test.staging.storagely-api.com/~partytown/') with script ('https://test.staging.storagely-api.com/~partytown/partytown-sw.js'): A bad HTTP response code (404) was received when fetching the script. @ :0
[  686840ms] [ERROR] Failed to load resource: the server responded with a status of 500 () @ https://test.staging.storagely-api.com/uploads/unit_3d_images/unit_3d_1174639252.webp:0
[  687770ms] [ERROR] Failed to load resource: the server responded with a status of 500 () @ https://test.staging.storagely-api.com/uploads/unit_3d_images/unit_3d_603980490.webp:0
