[    4730ms] ReferenceError: oqhaqzwnbjgcpycneryg is not defined
    at https://minimallstorage.com/storage-units/alabama/courtland/highway-33:13179:18
[    4772ms] TypeError: window.trackEvent is not a function
    at https://minimallstorage.com/storage-units/alabama/courtland/highway-33:13349:16
    at https://minimallstorage.com/storage-units/alabama/courtland/highway-33:13356:9
[    4820ms] Uncaught Error: Syntax error, unrecognized expression: nth-child(2
    at se.error (https://static.storagely.link/public/js/jquery-3.6.0.min.js:1:13638)
    at se.tokenize (https://static.storagely.link/public/js/jquery-3.6.0.min.js:1:21649)
    at se.compile (https://static.storagely.link/public/js/jquery-3.6.0.min.js:1:21752)
    at <anonymous> (https://static.storagely.link/public/js/jquery-3.6.0.min.js:1:16987)
    at PSEUDO (https://static.storagely.link/public/js/jquery-3.6.0.min.js:1:16751)
    at Ee (https://static.storagely.link/public/js/jquery-3.6.0.min.js:1:20888)
    at se.compile (https://static.storagely.link/public/js/jquery-3.6.0.min.js:1:21782)
    at se.select (https://static.storagely.link/public/js/jquery-3.6.0.min.js:1:22997)
    at se (https://static.storagely.link/public/js/jquery-3.6.0.min.js:1:7115)
    at find (https://static.storagely.link/public/js/jquery-3.6.0.min.js:1:25046)
    at S.fn.init (https://static.storagely.link/public/js/jquery-3.6.0.min.js:1:25535)
    at S (https://static.storagely.link/public/js/jquery-3.6.0.min.js:1:1050)
    at <anonymous> (https://cdn2.hubspot.net/hub/8821504/hub_generated/template_assets/65922726656/1644828231829/Bluebird_Storage_Febraury2022/js/main.js:0:1173)
[    6196ms] [ERROR] A bad HTTP response code (404) was received when fetching the script. @ :0
[    6196ms] [ERROR] TypeError: Failed to register a ServiceWorker for scope ('https://minimallstorage.com/~partytown/') with script ('https://minimallstorage.com/~partytown/partytown-sw.js'): A bad HTTP response code (404) was received when fetching the script. @ :0
[   31572ms] [ERROR] Attestation check for Attribution Reporting on https://www.facebook.com failed. @ https://minimallstorage.com/storage-units/alabama/courtland/highway-33:0
[   35284ms] [ERROR] Failed to load resource: the server responded with a status of 404 () @ https://minimallstorage.com/build/js/http-vary-BjYoGdST.js:0
[   35415ms] [ERROR] Failed to load resource: the server responded with a status of 404 () @ https://minimallstorage.com/build/js/es-errors-CxTyLFAO.js:0
[   35472ms] [WARNING] As of March 1st, 2025, google.maps.places.Autocomplete is not available to new customers. Please use google.maps.places.PlaceAutocompleteElement instead. At this time, google.maps.places.Autocomplete is not scheduled to be discontinued, but google.maps.places.PlaceAutocompleteElement is recommended over google.maps.places.Autocomplete. While google.maps.places.Autocomplete will continue to receive bug fixes for any major regressions, existing bugs in google.maps.places.Autocomplete will not be addressed. At least 12 months notice will be given before support is discontinued. Please see https://developers.google.com/maps/legacy for additional details and https://developers.google.com/maps/documentation/javascript/places-migration-overview for the migration guide. @ https://static.userback.io/widget/v1.js:1
[   35473ms] [ERROR] InvalidValueError: not an instance of HTMLInputElement @ https://static.userback.io/widget/v1.js:1
[   35882ms] [ERROR] Failed to load resource: the server responded with a status of 404 () @ https://minimallstorage.com/build/js/has-symbols-BaUvM3gb.js:0
[   36009ms] [ERROR] Failed to load resource: the server responded with a status of 404 () @ https://minimallstorage.com/build/js/side-channel-C8eyMY1t.js:0
[   36049ms] [ERROR] Failed to load resource: the server responded with a status of 404 () @ https://minimallstorage.com/build/js/function-bind-CHqF18-c.js:0
[   36067ms] [ERROR] Failed to load resource: the server responded with a status of 404 () @ https://minimallstorage.com/build/js/pinia-BM92fh0Z.js:0
[   36107ms] [ERROR] Failed to load resource: the server responded with a status of 404 () @ https://minimallstorage.com/build/js/fast-defer-9MI9za_P.js:0
[   36149ms] [ERROR] Failed to load resource: the server responded with a status of 404 () @ https://minimallstorage.com/build/js/vue-Pyv6ru2h.js:0
[   36149ms] [ERROR] Failed to load resource: the server responded with a status of 404 () @ https://minimallstorage.com/build/js/gopd-C1lCZ5Qs.js:0
[   36150ms] [ERROR] Failed to load resource: the server responded with a status of 404 () @ https://minimallstorage.com/build/js/call-bind-apply-helpers-BZzljMEd.js:0
[   36150ms] [ERROR] Failed to load resource: the server responded with a status of 404 () @ https://minimallstorage.com/build/js/side-channel-weakmap-CdqYRxnZ.js:0
[   36151ms] [ERROR] Failed to load resource: the server responded with a status of 404 () @ https://minimallstorage.com/build/js/es-toolkit-PT6dTF-w.js:0
[   36151ms] [ERROR] Failed to load resource: the server responded with a status of 404 () @ https://minimallstorage.com/build/js/es-object-atoms-BR76m4z7.js:0
[   36161ms] [ERROR] Failed to load resource: the server responded with a status of 404 () @ https://minimallstorage.com/build/js/side-channel-map-CW8gbHdw.js:0
[   36165ms] [ERROR] Failed to load resource: the server responded with a status of 404 () @ https://minimallstorage.com/build/js/@vue-DzA8opSU.js:0
[   36177ms] [ERROR] Failed to load resource: the server responded with a status of 404 () @ https://minimallstorage.com/build/js/index-CcaY-mkO.js:0
[   36178ms] [ERROR] Failed to load resource: the server responded with a status of 404 () @ https://minimallstorage.com/build/js/math-intrinsics-DP1tGiab.js:0
[   36185ms] [ERROR] Failed to load resource: the server responded with a status of 404 () @ https://minimallstorage.com/build/js/get-proto-D9NZsjdc.js:0
[   36191ms] [ERROR] Failed to load resource: the server responded with a status of 404 () @ https://minimallstorage.com/build/js/object-code-dyH2WAg2.js:0
[   36308ms] [ERROR] Failed to load resource: the server responded with a status of 404 () @ https://minimallstorage.com/build/js/@hcaptcha-ruyCQfb1.js:0
[   36308ms] [ERROR] Failed to load resource: the server responded with a status of 404 () @ https://minimallstorage.com/build/js/qs-BBxjpbkt.js:0
[   36309ms] [ERROR] Failed to load resource: the server responded with a status of 404 () @ https://minimallstorage.com/build/js/@googlemaps-BturGVvf.js:0
[   36311ms] [ERROR] Failed to load resource: the server responded with a status of 404 () @ https://minimallstorage.com/build/js/object-inspect-BmhG_H4M.js:0
[   36311ms] [ERROR] Failed to load resource: the server responded with a status of 404 () @ https://minimallstorage.com/build/js/@inertiajs-BZ6hKGjP.js:0
[   36312ms] [ERROR] Failed to load resource: the server responded with a status of 404 () @ https://minimallstorage.com/build/js/index-CEdAvDnv.js:0
[   36312ms] [ERROR] Failed to load resource: the server responded with a status of 404 () @ https://minimallstorage.com/build/js/dunder-proto-DLmApA0o.js:0
[   36312ms] [ERROR] Failed to load resource: the server responded with a status of 404 () @ https://minimallstorage.com/build/js/get-intrinsic-BxF11L2u.js:0
[   36312ms] [ERROR] Failed to load resource: the server responded with a status of 404 () @ https://minimallstorage.com/build/js/es-define-property-D_7cP-M3.js:0
[   36313ms] [ERROR] Failed to load resource: the server responded with a status of 404 () @ https://minimallstorage.com/build/js/side-channel-list-DrGIo_4f.js:0
[   36330ms] [ERROR] Failed to load resource: the server responded with a status of 404 () @ https://minimallstorage.com/build/js/call-bound-Dl_jZ2IL.js:0
[   36337ms] [ERROR] Failed to load resource: the server responded with a status of 404 () @ https://minimallstorage.com/build/js/hasown-DwiY0sux.js:0
[   36338ms] [ERROR] Failed to load resource: the server responded with a status of 404 () @ https://minimallstorage.com/build/js/uniqid-qZOxLied.js:0
[   36338ms] [ERROR] Failed to load resource: the server responded with a status of 404 () @ https://minimallstorage.com/build/js/axios-D5GkNzM3.js:0
[   36366ms] [ERROR] Failed to load resource: the server responded with a status of 404 () @ https://minimallstorage.com/build/js/axios-cache-interceptor-DatHhxR_.js:0
[   36374ms] [ERROR] Failed to load resource: the server responded with a status of 404 () @ https://minimallstorage.com/build/js/cache-parser-cMPnnXSO.js:0
