[    3266ms] ReferenceError: bootstrap is not defined
    at https://sunbirdstorage.com/storage-units/nc/winston-salem/country-club:14806:9
    at Array.map (<anonymous>)
    at https://sunbirdstorage.com/storage-units/nc/winston-salem/country-club:14805:42
[    3310ms] TypeError: Cannot read properties of null (reading 'style')
    at https://sunbirdstorage.com/storage-units/nc/winston-salem/country-club:15758:28
[    3310ms] ReferenceError: oqhaqzwnbjgcpycneryg is not defined
    at https://sunbirdstorage.com/storage-units/nc/winston-salem/country-club:17134:18
[    3274ms] [LOG] Doesn't exist @ https://sunbirdstorage.com/storage-units/nc/winston-salem/country-club:17294
[    3312ms] TypeError: window.trackEvent is not a function
    at https://sunbirdstorage.com/storage-units/nc/winston-salem/country-club:17311:16
    at https://sunbirdstorage.com/storage-units/nc/winston-salem/country-club:17318:9
[    3312ms] Uncaught Error: Syntax error, unrecognized expression: nth-child(2
    at se.error (https://static.storagely.link/public/js/jquery-3.6.0.min.js:1:13638)
    at se.tokenize (https://static.storagely.link/public/js/jquery-3.6.0.min.js:1:21649)
    at se.compile (https://static.storagely.link/public/js/jquery-3.6.0.min.js:1:21752)
    at <anonymous> (https://static.storagely.link/public/js/jquery-3.6.0.min.js:1:16987)
    at PSEUDO (https://static.storagely.link/public/js/jquery-3.6.0.min.js:1:16751)
    at Ee (https://static.storagely.link/public/js/jquery-3.6.0.min.js:1:20888)
    at se.compile (https://static.storagely.link/public/js/jquery-3.6.0.min.js:1:21782)
    at se.select (https://static.storagely.link/public/js/jquery-3.6.0.min.js:1:22997)
    at se (https://static.storagely.link/public/js/jquery-3.6.0.min.js:1:7115)
    at find (https://static.storagely.link/public/js/jquery-3.6.0.min.js:1:25046)
    at S.fn.init (https://static.storagely.link/public/js/jquery-3.6.0.min.js:1:25535)
    at S (https://static.storagely.link/public/js/jquery-3.6.0.min.js:1:1050)
    at <anonymous> (https://cdn2.hubspot.net/hub/8821504/hub_generated/template_assets/65922726656/1644828231829/Bluebird_Storage_Febraury2022/js/main.js:0:1173)
[    3300ms] [LOG] [widgets.ts] Script loaded @ https://static.storagely.link/public/build/js/widgets-rWMDSmMn.js:1
[    3300ms] [LOG] [widgets.ts] Available components: [./components/widgets/LocationMap/index.vue] @ https://static.storagely.link/public/build/js/widgets-rWMDSmMn.js:1
[    3300ms] [LOG] [widgets.ts] mountComponents called @ https://static.storagely.link/public/build/js/widgets-rWMDSmMn.js:1
[    3300ms] [LOG] [widgets.ts] Found elements: 0 @ https://static.storagely.link/public/build/js/widgets-rWMDSmMn.js:1
[    4045ms] [WARNING] jQuery.Deferred exception: jQuery(...).tooltip is not a function TypeError: jQuery(...).tooltip is not a function
    at HTMLDocument.<anonymous> (https://sunbirdstorage.com/storage-units/nc/winston-salem/country-club:15746:47)
    at e (https://static.storagely.link/public/js/jquery-3.6.0.min.js:2:30038)
    at t (https://static.storagely.link/public/js/jquery-3.6.0.min.js:2:30340) undefined @ https://static.storagely.link/public/js/jquery-3.6.0.min.js:1
[    4108ms] [WARNING] jQuery.Deferred exception: jQuery(...).popover is not a function TypeError: jQuery(...).popover is not a function
    at HTMLDocument.<anonymous> (https://sunbirdstorage.com/storage-units/nc/winston-salem/country-club:15730:53)
    at e (https://static.storagely.link/public/js/jquery-3.6.0.min.js:2:30038)
    at t (https://static.storagely.link/public/js/jquery-3.6.0.min.js:2:30340) undefined @ https://static.storagely.link/public/js/jquery-3.6.0.min.js:1
[    4108ms] Uncaught TypeError: jQuery(...).tooltip is not a function
    at <anonymous> (https://sunbirdstorage.com/storage-units/nc/winston-salem/country-club:15745:46)
    at e (https://static.storagely.link/public/js/jquery-3.6.0.min.js:1:30037)
    at t (https://static.storagely.link/public/js/jquery-3.6.0.min.js:1:30339)
[    4108ms] Uncaught TypeError: jQuery(...).popover is not a function
    at <anonymous> (https://sunbirdstorage.com/storage-units/nc/winston-salem/country-club:15729:52)
    at e (https://static.storagely.link/public/js/jquery-3.6.0.min.js:1:30037)
    at t (https://static.storagely.link/public/js/jquery-3.6.0.min.js:1:30339)
[   14599ms] [WARNING] The resource https://storagely-prod-public-assets.s3.us-east-2.amazonaws.com/uploads/locations/sunbirdstorage/17752551464221750696065144Sunbird%20Storage_59_l004_591_59_l004_523.webp was preloaded using link preload but not used within a few seconds from the window's load event. Please make sure it has an appropriate `as` value and it is preloaded intentionally. @ https://sunbirdstorage.com/storage-units/nc/winston-salem/country-club:0
[   18453ms] [WARNING] The resource https://storagely-prod-public-assets.s3.us-east-2.amazonaws.com/uploads/locations/sunbirdstorage/17752551464221750696065144Sunbird%20Storage_59_l004_591_59_l004_523.webp was preloaded using link preload but not used within a few seconds from the window's load event. Please make sure it has an appropriate `as` value and it is preloaded intentionally. @ https://sunbirdstorage.com/storage-units/nc/winston-salem/country-club:0
