[    3511ms] ReferenceError: bootstrap is not defined
    at https://gatekeeperstoragega.com/storage-units/georgia/peachtree-city/senoia-road:29729:9
    at Array.map (<anonymous>)
    at https://gatekeeperstoragega.com/storage-units/georgia/peachtree-city/senoia-road:29728:42
[    3533ms] Unexpected token '<'
[    3543ms] [LOG] Doesn't exist @ https://gatekeeperstoragega.com/storage-units/georgia/peachtree-city/senoia-road:31835
[    3564ms] TypeError: window.trackEvent is not a function
    at https://gatekeeperstoragega.com/storage-units/georgia/peachtree-city/senoia-road:31852:16
    at https://gatekeeperstoragega.com/storage-units/georgia/peachtree-city/senoia-road:31859:9
[    3608ms] Uncaught Error: Syntax error, unrecognized expression: nth-child(2
    at se.error (https://static.storagely.link/public/js/jquery-3.6.0.min.js:1:13638)
    at se.tokenize (https://static.storagely.link/public/js/jquery-3.6.0.min.js:1:21649)
    at se.compile (https://static.storagely.link/public/js/jquery-3.6.0.min.js:1:21752)
    at <anonymous> (https://static.storagely.link/public/js/jquery-3.6.0.min.js:1:16987)
    at PSEUDO (https://static.storagely.link/public/js/jquery-3.6.0.min.js:1:16751)
    at Ee (https://static.storagely.link/public/js/jquery-3.6.0.min.js:1:20888)
    at se.compile (https://static.storagely.link/public/js/jquery-3.6.0.min.js:1:21782)
    at se.select (https://static.storagely.link/public/js/jquery-3.6.0.min.js:1:22997)
    at se (https://static.storagely.link/public/js/jquery-3.6.0.min.js:1:7115)
    at find (https://static.storagely.link/public/js/jquery-3.6.0.min.js:1:25046)
    at S.fn.init (https://static.storagely.link/public/js/jquery-3.6.0.min.js:1:25535)
    at S (https://static.storagely.link/public/js/jquery-3.6.0.min.js:1:1050)
    at <anonymous> (https://cdn2.hubspot.net/hub/8821504/hub_generated/template_assets/65922726656/1644828231829/Bluebird_Storage_Febraury2022/js/main.js:0:1173)
[    3602ms] [LOG] [widgets.ts] Script loaded @ https://static.storagely.link/public/build/js/widgets-CZyLJK9l.js:1
[    3602ms] [LOG] [widgets.ts] Available components: [./components/widgets/LocationMap/index.vue] @ https://static.storagely.link/public/build/js/widgets-CZyLJK9l.js:1
[    3603ms] [LOG] [widgets.ts] mountComponents called @ https://static.storagely.link/public/build/js/widgets-CZyLJK9l.js:1
[    3604ms] [LOG] [widgets.ts] Found elements: 0 @ https://static.storagely.link/public/build/js/widgets-CZyLJK9l.js:1
[    4020ms] [ERROR] A bad HTTP response code (404) was received when fetching the script. @ :0
[    4679ms] [WARNING] jQuery.Deferred exception: jQuery(...).tooltip is not a function TypeError: jQuery(...).tooltip is not a function
    at HTMLDocument.<anonymous> (https://gatekeeperstoragega.com/storage-units/georgia/peachtree-city/senoia-road:30340:47)
    at e (https://static.storagely.link/public/js/jquery-3.6.0.min.js:2:30038)
    at t (https://static.storagely.link/public/js/jquery-3.6.0.min.js:2:30340) undefined @ https://static.storagely.link/public/js/jquery-3.6.0.min.js:1
[    4763ms] [ERROR] TypeError: Failed to register a ServiceWorker for scope ('https://gatekeeperstoragega.com/~partytown/') with script ('https://gatekeeperstoragega.com/~partytown/partytown-sw.js'): A bad HTTP response code (404) was received when fetching the script. @ :0
[    5020ms] Uncaught TypeError: jQuery(...).tooltip is not a function
    at <anonymous> (https://gatekeeperstoragega.com/storage-units/georgia/peachtree-city/senoia-road:30339:46)
    at e (https://static.storagely.link/public/js/jquery-3.6.0.min.js:1:30037)
    at t (https://static.storagely.link/public/js/jquery-3.6.0.min.js:1:30339)
[   25360ms] [LOG] props : {config: Object, server: swivl-mono-server-production-64c99f7e0057.herokuapp.com, webSocketServer: wss://swivl-mono-channels-prod-0a77d7a40566.herokuapp.com, notificationsServer: https://swivl-mono-notifications-prod-f00caadcb96e.herokuapp.com, messagingServer: https://swivl-mono-messaging-prod-c71b58a4caef.herokuapp.com} @ https://swivl-embed.s3.amazonaws.com/swivl3/embed-code/render-sQZq3GZs.mjs:84
[   25360ms] [LOG] Config.id = 806 @ https://swivl-embed.s3.amazonaws.com/swivl3/embed-code/render-sQZq3GZs.mjs:84
[   25360ms] [LOG] Config.createdAt = 2025-06-24T22:32:28.738Z @ https://swivl-embed.s3.amazonaws.com/swivl3/embed-code/render-sQZq3GZs.mjs:84
[   25360ms] [LOG] Config.updatedAt = 2025-10-28T14:03:11.759Z @ https://swivl-embed.s3.amazonaws.com/swivl3/embed-code/render-sQZq3GZs.mjs:84
[   25360ms] [LOG] Config.orgId = 14 @ https://swivl-embed.s3.amazonaws.com/swivl3/embed-code/render-sQZq3GZs.mjs:84
[   25360ms] [LOG] Config.isDefault = false @ https://swivl-embed.s3.amazonaws.com/swivl3/embed-code/render-sQZq3GZs.mjs:84
[   25361ms] [LOG] Config.spotSlug = gk @ https://swivl-embed.s3.amazonaws.com/swivl3/embed-code/render-sQZq3GZs.mjs:84
[   25361ms] [LOG] Config.spotLinkSlug = gk @ https://swivl-embed.s3.amazonaws.com/swivl3/embed-code/render-sQZq3GZs.mjs:84
[   25361ms] [LOG] Config.theme = {primaryHover: #99907c, primaryActive: #064685, secondaryHover: #064685, secondaryActive: #99907c, primaryBackground: #064685} @ https://swivl-embed.s3.amazonaws.com/swivl3/embed-code/render-sQZq3GZs.mjs:84
[   25361ms] [LOG] Config.avatarURL = https://swivl-uploads-production.s3.amazonaws.com/org_1/OBTGtssX.jpg @ https://swivl-embed.s3.amazonaws.com/swivl3/embed-code/render-sQZq3GZs.mjs:84
[   25361ms] [LOG] Config.ctaBody = You can ask us questions about inventory, pricing, amenities and more! @ https://swivl-embed.s3.amazonaws.com/swivl3/embed-code/render-sQZq3GZs.mjs:84
[   25361ms] [LOG] Config.dotText = Questions? How can we help? @ https://swivl-embed.s3.amazonaws.com/swivl3/embed-code/render-sQZq3GZs.mjs:84
[   25361ms] [LOG] Config.showCTA = true @ https://swivl-embed.s3.amazonaws.com/swivl3/embed-code/render-sQZq3GZs.mjs:84
[   25361ms] [LOG] Config.ctaDelay = 20 @ https://swivl-embed.s3.amazonaws.com/swivl3/embed-code/render-sQZq3GZs.mjs:84
[   25361ms] [LOG] Config.ctaTitle = How can we help? @ https://swivl-embed.s3.amazonaws.com/swivl3/embed-code/render-sQZq3GZs.mjs:84
[   25361ms] [LOG] Config.position = bottom-right @ https://swivl-embed.s3.amazonaws.com/swivl3/embed-code/render-sQZq3GZs.mjs:84
[   25361ms] [LOG] Config.headerText = Chat with <b>Gatekeeper</b> @ https://swivl-embed.s3.amazonaws.com/swivl3/embed-code/render-sQZq3GZs.mjs:84
[   25361ms] [LOG] Config.ctaImageURL = https://swivl-cdn.s3-us-west-1.amazonaws.com/compass-cta.jpg @ https://swivl-embed.s3.amazonaws.com/swivl3/embed-code/render-sQZq3GZs.mjs:84
[   25361ms] [LOG] Config.collapsedStyle = dot @ https://swivl-embed.s3.amazonaws.com/swivl3/embed-code/render-sQZq3GZs.mjs:84
[   25362ms] [LOG] Config.ctaStartOnQuest = PrqfBDIR1Q @ https://swivl-embed.s3.amazonaws.com/swivl3/embed-code/render-sQZq3GZs.mjs:84
[   25362ms] [LOG] Config.brandId = 546 @ https://swivl-embed.s3.amazonaws.com/swivl3/embed-code/render-sQZq3GZs.mjs:84
[   25362ms] [LOG] Config.settings = {ctaBody: You can ask us questions about inventory, pricing, amenities and more!, dotText: Questions? How can we help?, showCTA: true, ctaDelay: 20, ctaTitle: How can we help?} @ https://swivl-embed.s3.amazonaws.com/swivl3/embed-code/render-sQZq3GZs.mjs:84
[   25362ms] [LOG] Config.preloadVariables = {User:DefaultGroupId: 403, User:LimitToGroupId: 403} @ https://swivl-embed.s3.amazonaws.com/swivl3/embed-code/render-sQZq3GZs.mjs:84
[   25362ms] [LOG] Config.slug = null @ https://swivl-embed.s3.amazonaws.com/swivl3/embed-code/render-sQZq3GZs.mjs:84
[   25362ms] [LOG] Config.brand = {id: 546, createdAt: 2025-06-24T22:26:08.928Z, updatedAt: 2025-06-24T22:30:26.653Z, orgId: 14, name: Gatekeeper} @ https://swivl-embed.s3.amazonaws.com/swivl3/embed-code/render-sQZq3GZs.mjs:84
[   25362ms] [LOG] Config.webSocketServer = wss://swivl-mono-channels-prod-0a77d7a40566.herokuapp.com @ https://swivl-embed.s3.amazonaws.com/swivl3/embed-code/render-sQZq3GZs.mjs:84
[   25369ms] [LOG]  this.state : undefined @ https://swivl-embed.s3.amazonaws.com/swivl3/embed-code/render-sQZq3GZs.mjs:84
[   25371ms] [LOG]  this.props : {config: Object, server: swivl-mono-server-production-64c99f7e0057.herokuapp.com, webSocketServer: wss://swivl-mono-channels-prod-0a77d7a40566.herokuapp.com, notificationsServer: https://swivl-mono-notifications-prod-f00caadcb96e.herokuapp.com, messagingServer: https://swivl-mono-messaging-prod-c71b58a4caef.herokuapp.com} @ https://swivl-embed.s3.amazonaws.com/swivl3/embed-code/render-sQZq3GZs.mjs:84
