[    3642ms] ReferenceError: bootstrap is not defined
    at https://distinctstorage.com/storage-units/connecticut/new-milford/kent-road:20351:9
    at Array.map (<anonymous>)
    at https://distinctstorage.com/storage-units/connecticut/new-milford/kent-road:20350:42
[    3883ms] [LOG] Doesn't exist @ https://distinctstorage.com/storage-units/connecticut/new-milford/kent-road:22433
[    3885ms] TypeError: window.trackEvent is not a function
    at https://distinctstorage.com/storage-units/connecticut/new-milford/kent-road:22450:16
    at https://distinctstorage.com/storage-units/connecticut/new-milford/kent-road:22457:9
[    3992ms] Uncaught Error: Syntax error, unrecognized expression: nth-child(2
    at <anonymous> (https://static.storagely.link/public/js/jquery-3.6.0.min.js:1:13638)
    at <anonymous> (https://static.storagely.link/public/js/jquery-3.6.0.min.js:1:21649)
    at <anonymous> (https://static.storagely.link/public/js/jquery-3.6.0.min.js:1:21752)
    at <anonymous> (https://static.storagely.link/public/js/jquery-3.6.0.min.js:1:16987)
    at PSEUDO (https://static.storagely.link/public/js/jquery-3.6.0.min.js:1:16751)
    at Ee (https://static.storagely.link/public/js/jquery-3.6.0.min.js:1:20888)
    at <anonymous> (https://static.storagely.link/public/js/jquery-3.6.0.min.js:1:21782)
    at <anonymous> (https://static.storagely.link/public/js/jquery-3.6.0.min.js:1:22997)
    at se (https://static.storagely.link/public/js/jquery-3.6.0.min.js:1:7115)
    at find (https://static.storagely.link/public/js/jquery-3.6.0.min.js:1:25046)
    at <anonymous> (https://static.storagely.link/public/js/jquery-3.6.0.min.js:1:25535)
    at S (https://static.storagely.link/public/js/jquery-3.6.0.min.js:1:1050)
    at <anonymous> (https://cdn2.hubspot.net/hub/8821504/hub_generated/template_assets/65922726656/1644828231829/Bluebird_Storage_Febraury2022/js/main.js:0:1173)
[    3993ms] [LOG] [widgets.ts] Script loaded @ https://static.storagely.link/public/build/js/widgets-CZyLJK9l.js:1
[    3993ms] [LOG] [widgets.ts] Available components: [./components/widgets/LocationMap/index.vue] @ https://static.storagely.link/public/build/js/widgets-CZyLJK9l.js:1
[    3994ms] [LOG] [widgets.ts] mountComponents called @ https://static.storagely.link/public/build/js/widgets-CZyLJK9l.js:1
[    3994ms] [LOG] [widgets.ts] Found elements: 0 @ https://static.storagely.link/public/build/js/widgets-CZyLJK9l.js:1
[    4100ms] [ERROR] A bad HTTP response code (404) was received when fetching the script. @ :0
[    5884ms] [WARNING] jQuery.Deferred exception: jQuery(...).tooltip is not a function TypeError: jQuery(...).tooltip is not a function
    at HTMLDocument.<anonymous> (https://distinctstorage.com/storage-units/connecticut/new-milford/kent-road:20915:47)
    at e (https://static.storagely.link/public/js/jquery-3.6.0.min.js:2:30038)
    at https://static.storagely.link/public/js/jquery-3.6.0.min.js:2:30340 undefined @ https://static.storagely.link/public/js/jquery-3.6.0.min.js:1
[   15370ms] [ERROR] TypeError: Failed to register a ServiceWorker for scope ('https://distinctstorage.com/~partytown/') with script ('https://distinctstorage.com/~partytown/partytown-sw.js'): A bad HTTP response code (404) was received when fetching the script. @ :0
[   20614ms] Uncaught TypeError: jQuery(...).tooltip is not a function
    at <anonymous> (https://distinctstorage.com/storage-units/connecticut/new-milford/kent-road:20914:46)
    at e (https://static.storagely.link/public/js/jquery-3.6.0.min.js:1:30037)
    at <anonymous> (https://static.storagely.link/public/js/jquery-3.6.0.min.js:1:30339)
